[Commands][warning]-Error on line 49: command failed to parse with error 'Syntax error: Unexpected "dragonmounts:water_dragonscale_helmet": at "tem={item=>>dragonmounts:water_dragonscale_helmet<<,location="'

[Commands][warning]-Error on line 50: command failed to parse with error 'Syntax error: Unexpected "dragonmounts:water_dragonscale_chestplate": at "tem={item=>>dragonmounts:water_dragonscale_chestplate<<,location="'

[Commands][warning]-Error on line 51: command failed to parse with error 'Syntax error: Unexpected "dragonmounts:water_dragonscale_leggings": at "tem={item=>>dragonmounts:water_dragonscale_leggings<<,location="'

[Commands][warning]-Error on line 52: command failed to parse with error 'Syntax error: Unexpected "dragonmounts:water_dragonscale_boots": at "tem={item=>>dragonmounts:water_dragonscale_boots<<,location="'

[Commands][warning]-Error on line 53: command failed to parse with error 'Syntax error: Unexpected "dragonmounts:zombie_dragonscale_helmet": at "tem={item=>>dragonmounts:zombie_dragonscale_helmet<<,location="'

[Commands][warning]-Error on line 54: command failed to parse with error 'Syntax error: Unexpected "dragonmounts:zombie_dragonscale_chestplate": at "tem={item=>>dragonmounts:zombie_dragonscale_chestplate<<,location="'

[Commands][warning]-Error on line 55: command failed to parse with error 'Syntax error: Unexpected "dragonmounts:zombie_dragonscale_leggings": at "tem={item=>>dragonmounts:zombie_dragonscale_leggings<<,location="'

[Commands][warning]-Error on line 56: command failed to parse with error 'Syntax error: Unexpected "dragonmounts:zombie_dragonscale_boots": at "tem={item=>>dragonmounts:zombie_dragonscale_boots<<,location="'

[Commands][warning]-Function give_blockegg failed to load correctly with error(s):

[Commands][warning]-Error on line 1: command failed to parse with error 'Syntax error: Unexpected "dragonmounts:aether_dragon_egg": at "give @p >>dragonmounts:aether_dragon_egg<< 64"'

[Commands][warning]-Error on line 2: command failed to parse with error 'Syntax error: Unexpected "dragonmounts:enchant_dragon_egg": at "give @p >>dragonmounts:enchant_dragon_egg<< 64"'

[Commands][warning]-Error on line 3: command failed to parse with error 'Syntax error: Unexpected "dragonmounts:ender_dragon_egg": at "give @p >>dragonmounts:ender_dragon_egg<< 64"'

[Commands][warning]-Error on line 4: command failed to parse with error 'Syntax error: Unexpected "dragonmounts:fire_dragon_egg": at "give @p >>dragonmounts:fire_dragon_egg<< 64"'

[Commands][warning]-Error on line 5: command failed to parse with error 'Syntax error: Unexpected "dragonmounts:forest_dragon_egg": at "give @p >>dragonmounts:forest_dragon_egg<< 64 "'

[Commands][warning]-Error on line 6: command failed to parse with error 'Syntax error: Unexpected "dragonmounts:ice_dragon_egg": at "give @p >>dragonmounts:ice_dragon_egg<< 64 "'

[Commands][warning]-Error on line 7: command failed to parse with error 'Syntax error: Unexpected "dragonmounts:moonlight_dragon_egg": at "give @p >>dragonmounts:moonlight_dragon_egg<< 64 "'

[Commands][warning]-Error on line 8: command failed to parse with error 'Syntax error: Unexpected "dragonmounts:nether_dragon_egg": at "give @p >>dragonmounts:nether_dragon_egg<< 64 "'

[Commands][warning]-Error on line 9: command failed to parse with error 'Syntax error: Unexpected "dragonmounts:sculk_dragon_egg": at "give @p >>dragonmounts:sculk_dragon_egg<< 64 "'

[Commands][warning]-Error on line 10: command failed to parse with error 'Syntax error: Unexpected "dragonmounts:skeleton_dragon_egg": at "give @p >>dragonmounts:skeleton_dragon_egg<< 64 "'

[Commands][warning]-Error on line 11: command failed to parse with error 'Syntax error: Unexpected "dragonmounts:storm_dragon_egg": at "give @p >>dragonmounts:storm_dragon_egg<< 64 "'

[Commands][warning]-Error on line 12: command failed to parse with error 'Syntax error: Unexpected "dragonmounts:sunlight_dragon_egg": at "give @p >>dragonmounts:sunlight_dragon_egg<< 64 "'

[Commands][warning]-Error on line 13: command failed to parse with error 'Syntax error: Unexpected "dragonmounts:terra_dragon_egg": at "give @p >>dragonmounts:terra_dragon_egg<< 64 "'

[Commands][warning]-Error on line 14: command failed to parse with error 'Syntax error: Unexpected "dragonmounts:water_dragon_egg": at "give @p >>dragonmounts:water_dragon_egg<< 64 "'

[Commands][warning]-Error on line 15: command failed to parse with error 'Syntax error: Unexpected "dragonmounts:wither_dragon_egg": at "give @p >>dragonmounts:wither_dragon_egg<< 64 "'

[Commands][warning]-Error on line 16: command failed to parse with error 'Syntax error: Unexpected "dragonmounts:zombie_dragon_egg": at "give @p >>dragonmounts:zombie_dragon_egg<< 64"'

[Commands][warning]-Function listed in tick.json with name dragon_arrow not found.

[Effects][error]-entity/dragons/aether_dragon.json | Entity .json 'entity/dragons/aether_dragon.json' referenced particle 'dragonmounts:aethering_table_particle' that doesn't exist

[Effects][error]-entity/dragons/ender_dragon.json | Entity .json 'entity/dragons/ender_dragon.json' referenced particle 'dragonmounts:endering_table_particle' that doesn't exist

[Effects][error]-entity/dragons/fire_dragon.json | Entity .json 'entity/dragons/fire_dragon.json' referenced particle 'dragonmounts:fireing_table_particle' that doesn't exist

[Effects][error]-entity/dragons/forest_dragon.json | Entity .json 'entity/dragons/forest_dragon.json' referenced particle 'dragonmounts:foresting_table_particle' that doesn't exist

[Effects][error]-entity/dragons/ice_dragon.json | Entity .json 'entity/dragons/ice_dragon.json' referenced particle 'dragonmounts:iceing_table_particle' that doesn't exist

[Effects][error]-entity/dragons/moonlight_dragon.json | Entity .json 'entity/dragons/moonlight_dragon.json' referenced particle 'dragonmounts:moonlighting_table_particle' that doesn't exist

[Effects][error]-entity/dragons/nether_dragon.json | Entity .json 'entity/dragons/nether_dragon.json' referenced particle 'dragonmounts:nethering_table_particle' that doesn't exist

[Effects][error]-entity/dragons/skeleton_dragon.json | Entity .json 'entity/dragons/skeleton_dragon.json' referenced particle 'dragonmounts:skeletoning_table_particle' that doesn't exist

[Effects][error]-entity/dragons/storm_dragon.json | Entity .json 'entity/dragons/storm_dragon.json' referenced particle 'dragonmounts:storming_table_particle' that doesn't exist

[Effects][error]-entity/dragons/sunlight_dragon.json | Entity .json 'entity/dragons/sunlight_dragon.json' referenced particle 'dragonmounts:sunlighting_table_particle' that doesn't exist

[Effects][error]-entity/dragons/terra_dragon.json | Entity .json 'entity/dragons/terra_dragon.json' referenced particle 'dragonmounts:terraing_table_particle' that doesn't exist

[Effects][error]-entity/dragons/water_dragon.json | Entity .json 'entity/dragons/water_dragon.json' referenced particle 'dragonmounts:watering_table_particle' that doesn't exist

[Effects][error]-entity/dragons/wither_dragon.json | Entity .json 'entity/dragons/wither_dragon.json' referenced particle 'dragonmounts:withering_table_particle' that doesn't exist

[Effects][error]-entity/dragons/zombie_dragon.json | Entity .json 'entity/dragons/zombie_dragon.json' referenced particle 'dragonmounts:zombieing_table_particle' that doesn't exist

[Molang][error]-dragonmounts:dragon_pearl | dragonmounts:dragon_pearl | controller.render.dragon_breath | Textures | friendly name 'texture.default' not found in entity friendly name list (<none specified in the entity?>) - check your spelling?

[Texture][warning]-The block named dragonmounts:aether_dragon_egg used in a "blocks.json" file does not exist in the registry

[Texture][warning]-The block named dragonmounts:dragon_nest_block used in a "blocks.json" file does not exist in the registry

[Texture][warning]-The block named dragonmounts:enchant_dragon_egg used in a "blocks.json" file does not exist in the registry

[Texture][warning]-The block named dragonmounts:ender_dragon_egg used in a "blocks.json" file does not exist in the registry

[Texture][warning]-The block named dragonmounts:fire_dragon_egg used in a "blocks.json" file does not exist in the registry

[Texture][warning]-The block named dragonmounts:forest_dragon_egg used in a "blocks.json" file does not exist in the registry

[Texture][warning]-The block named dragonmounts:ice_dragon_egg used in a "blocks.json" file does not exist in the registry

[Texture][warning]-The block named dragonmounts:moonlight_dragon_egg used in a "blocks.json" file does not exist in the registry

[Texture][warning]-The block named dragonmounts:nether_dragon_egg used in a "blocks.json" file does not exist in the registry

[Texture][warning]-The block named dragonmounts:skeleton_dragon_egg used in a "blocks.json" file does not exist in the registry

[Texture][warning]-The block named dragonmounts:storm_dragon_egg used in a "blocks.json" file does not exist in the registry

[Texture][warning]-The block named dragonmounts:sunlight_dragon_egg used in a "blocks.json" file does not exist in the registry

[Texture][warning]-The block named dragonmounts:terra_dragon_egg used in a "blocks.json" file does not exist in the registry

[Texture][warning]-The block named dragonmounts:water_dragon_egg used in a "blocks.json" file does not exist in the registry

[Texture][warning]-The block named dragonmounts:wither_dragon_egg used in a "blocks.json" file does not exist in the registry

[Texture][warning]-The block named dragonmounts:zombie_dragon_egg used in a "blocks.json" file does not exist in the registry

[Item][error]-Resource pack has item definitions not found in the behavior pack. Item 'dragonmounts:diamond_shears' is being ignored.

[Item][error]-Resource pack has item definitions not found in the behavior pack. Item 'dragonmounts:aether_dragon_pickaxe' is being ignored.

[Item][error]-Resource pack has item definitions not found in the behavior pack. Item 'dragonmounts:enchant_dragon_pickaxe' is being ignored.

[Item][error]-Resource pack has item definitions not found in the behavior pack. Item 'dragonmounts:ender_dragon_pickaxe' is being ignored.

[Item][error]-Resource pack has item definitions not found in the behavior pack. Item 'dragonmounts:fire_dragon_pickaxe' is being ignored.

[Item][error]-Resource pack has item definitions not found in the behavior pack. Item 'dragonmounts:forest_dragon_pickaxe' is being ignored.

[Item][error]-Resource pack has item definitions not found in the behavior pack. Item 'dragonmounts:ice_dragon_pickaxe' is being ignored.

[Item][error]-Resource pack has item definitions not found in the behavior pack. Item 'dragonmounts:moonlight_dragon_pickaxe' is being ignored.

[Item][error]-Resource pack has item definitions not found in the behavior pack. Item 'dragonmounts:nether_dragon_pickaxe' is being ignored.

[Item][error]-Resource pack has item definitions not found in the behavior pack. Item 'dragonmounts:storm_dragon_pickaxe' is being ignored.

[Item][error]-Resource pack has item definitions not found in the behavior pack. Item 'dragonmounts:sunlight_dragon_pickaxe' is being ignored.

[Item][error]-Resource pack has item definitions not found in the behavior pack. Item 'dragonmounts:terra_dragon_pickaxe' is being ignored.

[Item][error]-Resource pack has item definitions not found in the behavior pack. Item 'dragonmounts:water_dragon_pickaxe' is being ignored.

[Item][error]-Resource pack has item definitions not found in the behavior pack. Item 'dragonmounts:zombie_dragon_pickaxe' is being ignored.

[Item][error]-Resource pack has item definitions not found in the behavior pack. Item 'dragonmounts:aether_dragon_sword' is being ignored.

[Item][error]-Resource pack has item definitions not found in the behavior pack. Item 'dragonmounts:enchant_dragon_sword' is being ignored.

[Item][error]-Resource pack has item definitions not found in the behavior pack. Item 'dragonmounts:ender_dragon_sword' is being ignored.

[Item][error]-Resource pack has item definitions not found in the behavior pack. Item 'dragonmounts:fire_dragon_sword' is being ignored.

[Item][error]-Resource pack has item definitions not found in the behavior pack. Item 'dragonmounts:forest_dragon_sword' is being ignored.

[Item][error]-Resource pack has item definitions not found in the behavior pack. Item 'dragonmounts:ice_dragon_sword' is being ignored.

[Item][error]-Resource pack has item definitions not found in the behavior pack. Item 'dragonmounts:moonlight_dragon_sword' is being ignored.

[Item][error]-Resource pack has item definitions not found in the behavior pack. Item 'dragonmounts:nether_dragon_sword' is being ignored.

[Item][error]-Resource pack has item definitions not found in the behavior pack. Item 'dragonmounts:storm_dragon_sword' is being ignored.

[Item][error]-Resource pack has item definitions not found in the behavior pack. Item 'dragonmounts:sunlight_dragon_sword' is being ignored.

[Item][error]-Resource pack has item definitions not found in the behavior pack. Item 'dragonmounts:terra_dragon_sword' is being ignored.

[Item][error]-Resource pack has item definitions not found in the behavior pack. Item 'dragonmounts:water_dragon_sword' is being ignored.

[Item][error]-Resource pack has item definitions not found in the behavior pack. Item 'dragonmounts:zombie_dragon_sword' is being ignored.

[Item][error]-Cannot find spawn_egg texture aetherdragon_egg_item with index 8

[Item][error]-Cannot find spawn_egg texture netherdragon_egg_item with index 8

[Item][error]-Cannot find spawn_egg texture icedragon_egg_item with index 8

[Item][error]-Cannot find spawn_egg texture moonlightdragon_egg_item with index 8

[Item][error]-Cannot find spawn_egg texture enderdragon_egg_item with index 8

[Item][error]-Cannot find spawn_egg texture enchantdragon_egg_item with index 8

[Item][error]-Cannot find spawn_egg texture firedragon_egg_item with index 8

[Item][error]-Cannot find spawn_egg texture forestdragon_egg_item with index 8

[Item][error]-Cannot find spawn_egg texture sculkdragon_egg_item with index 8

[Item][error]-Cannot find spawn_egg texture skeletondragon_egg_item with index 8

[Item][error]-Cannot find spawn_egg texture stormdragon_egg_item with index 8

[Item][error]-Cannot find spawn_egg texture sunlightdragon_egg_item with index 8

[Item][error]-Cannot find spawn_egg texture terradragon_egg_item with index 8

[Item][error]-Cannot find spawn_egg texture waterdragon_egg_item with index 8

[Item][error]-Cannot find spawn_egg texture witherdragon_egg_item with index 8

[Item][error]-Cannot find spawn_egg texture zombiedragon_egg_item with index 8

